2026-03-26 22:57:01
[AI финальный] target=vehicles
### Анализ тепловой карты движения транспорта на основе изображения:

#### 1) **Где пробки и по каким полосам?**
- **Пробка слева ближе к камере**: Центральные и правые полосы показывают ярко-красный цвет, что свидетельствует о высокой плотности движения. Вероятно, здесь скопление машин на полосах, ведущих на перекрёсток.
- **Направление вправо (правый верхний угол)**: Узкие зоны умеренной плотности (жёлтые отметки) наблюдаются на полосах средней направленности.

#### 2) **Где есть свободные полосы?**
- **Левая сторона ближе к камере**: Левая крайняя полоса чуть более свободна, отмечена зелёными/синими зонами.
- **Перекрёсток в середине изображения**: Основной поток частично свободен, особенно в зонах пересечения (зелёные зоны у стрелок).
- **Правый нижний угол**: Некоторые полосы ближе к горизонту также отмечены синим цветом, свидетельствующим о свободном движении.

#### 3) **Рекомендации, что можно предпринять:**
- **Перераспределение потоков**: Для уменьшения пробок на центральных и правых полосах (ближняя левая сторона), можно усилить регулирование потоков с помощью светофора, увеличив длительность зелёного сигнала на этом направлении.
- **Указатели и оптимизация разметки**: Усиление указателей перед перекрёстком поможет водителям заранее выбрать менее загруженные полосы.
- **Организация движения для велосипедистов и пешеходов**: Заметно, что присутствуют пешеходные переходы. Убедитесь, что пешеходам не создаётся помех от крупных потоков.

2026-03-26 22:58:48
[AI финальный] target=person
**Описание главного изображения:**

На изображении показан перекрёсток в городской местности, вероятно, в центре города или оживлённого района. Вид сверху демонстрирует сложную систему дорожной разметки, множественные полосы движения и пешеходные переходы. Также на углах видны здания, предположительно торговые или общественные, парковая зона слева, а также пешеходные и велосипедные зоны. На перекрёстке сосредоточен автомобильный и пешеходный потоки.

---

**Описание тепловой карты и анализ движения:**

1. **Красные зоны (высокая плотность движения):**
    - Зона красного цвета расположена на центральной полосе движения по диагональной дороге. Это может указывать на скопление автомобилей или повышенную загруженность в этом направлении. 
    - Небольшое красное пятно также видно на тротуаре около зелёной купольной конструкции слева, что говорит о высокой плотности пешеходов в этом районе — вероятно, у входа в парк или торговое помещение.

2. **Жёлтые зоны (умеренное движение):**
    - Жёлтые зоны находятся на ближайших к перекрёстку пешеходных переходах, предполагая устойчивый поток людей и умеренное пересечение дороги.
    - Также жёлтые участки фиксируются на автомобильных полосах рядом с перекрёстком, намекая на замедления движения в этих местах.

3. **Синие и зелёные зоны (свободное движение):**
    - Вдоль боковых дорог движение автомобилей происходит свободно, без загруженности или высокой активности.
    - В парковой зоне и на менее освещённых тротуарах движение спокойное, с низкой плотностью людей.

---

**Рекомендации по планировке:**

1. **Реорганизация автомобильных потоков:**
    - Красная зона на перекрёстке указывает на необходимость оптимизации движения — возможно, введение отдельного временного регулирования светофоров или создание выделенных полос для общественного транспорта.

2. **Улучшение пешеходной инфраструктуры:**
    - Участок с высокой плотностью пешеходов на входе в купольное здание слева требует расширения тротуара или введения дополнительных точ

2026-03-26 23:09:34
[AI финальный] target=vehicles
### Анализ тепловой карты транспортного потока

1. **Пробки и затруднённое движение:**
   - **Левый нижний угол кадра, ближе к камере:** Чётко видна высокая плотность движения (красный и оранжевый на тепловой карте) на **двух полосах слева**. Это указывает на пробку или значительное замедление потока в данном направлении.
   - **Средняя часть кадра:** Умеренное замедление (жёлтый цвет) наблюдается на полосах **слева направо** неподалёку от перекрёстка, особенно на правых полосах, пересекающих пешеходный переход.

2. **Свободные полосы:**
   - **Правая часть кадра:** Большинство полос на противоположной стороне движения (перспективно у горизонта) отображают плавность движения и низкую нагрузку (зелёный и синий цвета).
   - **Средняя полоса по направлению справа налево:** В этом участке тепловая карта демонстрирует практически свободное движение.

3. **Рекомендации:**
   - **Перераспределение потоков:** На участках с высокой плотностью движения (особенно ближе к камере) следует перераспределить потоки на более свободные полосы, временно расширив функциональность движения или закрыв малонагруженные участки.
   - **Оптимизация светофоров:** Если пробки связаны с перекрёстками, рекомендуется адаптировать время работы светофоров, чтобы увеличить пропускную способность главных полос.
   - **Рекламная рассылка или навигация:** Уведомить водителей о загруженных участках и предложить альтернативные маршруты через приложение или дорожные знаки.

Дополнительное решение — собрать данные о времени пиков и анализировать причину повышенной нагрузки (например, близость торговых и транспортных узлов).

2026-03-26 23:26:23
[AI финальный] target=vehicles
### Анализ изображения с перекрёстком и теплоотображением движения:

#### 1. Определение пробок и плотного движения
На основе изображения с тепловой картой:

- **Левое направление (середина кадра, ближе к камере):**
  - Слева находятся две полосы с высокой плотностью, показанной красным и оранжевым цветом. Это указывает на затруднённое движение на левой стороне дороги (особенно крайняя левая полоса).
  
- **Среднее направление (перекрёсток, в центре кадра):**
  - Движение на перекрёстке в целом свободное, хотя видно лёгкое замедление жёлтым цветом ближе к середине перекрёстка, особенно для автомобилей, поворачивающих.

- **Правое направление (вдали, ближе к горизонту):**
  - Правая сторона дороги демонстрирует умеренное замедление (обозначенное жёлтым). Основные проблемы наблюдаются в направлении крайней правой полосы, где автомобили замедляются после поворота.

#### 2. Свободные полосы
- **Левое направление (слева, ближе к камере):**
  - Средняя и правая полосы относительно свободны (зеленые и синие области).
  
- **Среднее направление (перекрёсток):**
  - Центральная часть перекрёстка не демонстрирует критических замедлений, большинство полос здесь свободны.
  
- **Правое направление (вдали, ближе к горизонту):**
  - Большинство полос практически свободны, несмотря на лёгкое замедление транспорта на подходе к перекрёстку.

#### 3. Рекомендации для оптимизации движения
1. **Рассмотреть установку временных дополнительных светофоров или регулировщиков движения**:
   - Локализовать регулировку в местах с высокой плотностью по левому направлению у камеры и правому ближе к горизонту.
   
2. **Улучшение управления полосами в местах с пробками**:
   - Ограничить использование левой полосы для поворотов или перестроений, чтобы снизить нагрузку на участках с красным/оранжевым цветом.
   
3. **Огранич

2026-03-26 23:27:37
[AI финальный] target=vehicles
### Анализ транспортного потока по тепловой карте:

#### **1. Пробки и их расположение:**
- **Левая сторона кадра, ближе к камере:**
  - На основных полосах движения наблюдается высокая плотность автомобилей (🔴 красный оттенок на тепловой карте). Это указывает на скопление машин и замедление движения.
  - Преимущественно загружены **левые полосы** и частично **средние полосы**.

- **Средняя часть кадра:**
  - На перекрёстке видно увеличение плотности движения, особенно для машин, двигавшихся слева направо. Однако большинство автомобилей продолжают движение, поэтому это скорее затруднение в движении, а не полная остановка.

#### **2. Свободные полосы:**
- **С правой стороны кадра, ближе к горизонту:**
  - Полосы на переднем плане остаются свободными (🔵 зелёный и синий оттенки). Плотность автомобилей небольшая, движение течёт свободно без признаков остановки.
  
- **Перекрёсток у горизонта:**
  - На некоторых направлениях (например, правая часть перекрёстка) наблюдается равномерное движение без помех.

#### **3. Рекомендации:**
- **Пробки ближе к камере, левое направление:**
  - Можно рассмотреть переоптимизацию светофорного режима, чтобы уменьшить плотность машин на данном участке. Увеличение времени "зелёного сигнала" для левосторонних полос поспособствует разгрузке.

- **Расставить временные ограничители:**
  - Если в данной области чаще возникают пробки, целесообразно использовать динамические цифровые табло для предупреждения водителей о заторах и предложении альтернативных маршрутов.

- **Установка активного регулирования в центральной части кадра:**
  - Участок перекрёстка можно дополнительно оптимизировать с помощью разметки, предупреждающих знаков или активного регулировщика, чтобы разгрузить машину в "оранжевой" зоне.

2026-03-26 23:27:56
[AI финальный] target=vehicles
На двух изображениях видно пересечение дороги с интенсивным движением транспортных средств. Второе изображение представляет тепловую карту, которая иллюстрирует плотность транспортных потоков с использованием цветовых обозначений: 🔴/🟠 — высокая плотность, 🟡 — умеренная загруженность, 🔵/🟢 — свободное движение.

---

### **1. Места пробок и загруженности (по полосам и направлениям):**
- **Левая сторона кадра:** 
  - На тепловой карте отмечены оранжевые и красные зоны, которые указывают на **высокую плотность движения**
  - **Полосы:** Заторы наблюдаются на левой стороне дороги в обеих полосах ближе к перекрёстку.

### **2. Места свободного движения:**
- **Правая сторона кадра (у горизонта):**
  - Крайние правые полосы окрашены преимущественно в синий и зелёный — движение здесь свободное.
- **Середина перекрёстка:**
  - Центральная область перекрёстка отмечена зелёным и синим цветом — движение свободное, без видимых заторов.

---

### **3. Рекомендации для улучшения движения:**
1. **Оптимизация сигналов светофора:**
   - Продлить зелёный свет для полос, отмеченных высокой плотностью, чтобы уменьшить накопление автомобилей.
   
2. **Ускорение разворачивания потоков в левом направлении (на перекрёстке):**
   - Установить приоритет для левых полос при движении через перекрёсток.
   
3. **Сделать выделенные полосы для общественного транспорта:**
   - Если в районе интенсивное движение, это поможет улучшить общую пропускную способность.

4. **Установка предупредительных знаков:**
   - Информировать водителей о возможности обойти места с плотным движением при необходимости.

