2026-03-26 22:27:47
[AI финальный] target=person
### Анализ

#### Главное изображение:
На изображении показан небольшой магазин с хлебобулочными изделиями, напитками и различными товарами. Вид с камеры наблюдения демонстрирует прилавки с продуктами, полки и проходы. В левом нижнем углу находится касса, рядом с которой расположены стены холодильников. Справа стеллажи с товарами и небольшой проход для покупателей.

#### Тепловая карта:
Тепловая карта отображает плотность и распределение движения в магазине.

1. **Красные области (высокая плотность):**
   - Этот цвет виден возле кассы и на входе в холодильный отсек слева. Это логично, так как кассовая зона является местом застоя, где люди задерживаются, оплачивая покупки. Холодильники также привлекают внимание покупателей к товарам.

2. **Жёлтые области (умеренное движение):**
   - Жёлтым подсвечены зоны, подходящие к кассе, а также пространство рядом с центральным прилавком с хлебобулочными изделиями. Эти области имеют видимое движение, но оно менее насыщенное, чем возле кассы.

3. **Синие/зелёные области (свободное движение или его отсутствие):**
   - Области вдоль дальних стен и центрального коридора имеют менее интенсивное движение. Это говорит о том, что покупатели либо не задерживаются в этих зонах, либо эти пространства используются для прохода к более популярным точкам.

---

### Рекомендации:
1. **Оптимизация кассовой зоны:**
   - Расширить пространство возле кассы для удобного подхода и движения, так как эта зона находится в красной области. Добавление второй кассовой точки может уменьшить плотность в этой области.

2. **Привлечение внимания к дальним зонам:**
   - Интересно оформить полки с товарами вдоль стен (задекорировать, добавить скидочные ценники, специальные предложения), чтобы привлечь покупателей и снизить движение в перегруженных зонах.

3. **Расположение холодильников:**
   - Переместить холодильные установки так, чтобы они располагались ближе к менее загруженным участкам, что уменьшит высокую плотность на входе.

4. **Увеличение проходов:**
   - При

2026-03-26 23:14:21
[AI финальный] target=person
[AI] Не задан COMET_API_KEY. Установите переменную окружения COMET_API_KEY для обращения к CometAPI.

2026-03-26 23:16:46
[AI финальный] target=person
### Анализ изображения

**Главное изображение:**
На фото показан интерьер небольшого магазина, вероятно, продуктового. Основные области:
- Стеллажи с товарами вдоль стен и в центре магазина.
- Витрины с выпечкой и охлажденными продуктами в левом углу.
- Прикассовая зона со считыванием покупательских операций.
- Часть пространства занята мелкими стендами продуктов и холодильными установками.

---

### Тепловая карта человеческого потока

На тепловой карте видно распределение движения и активности покупателей. Оценим зону по плотности:

#### **Красные/оранжевые зоны (высокая плотность)**
- 🔴 Основное скопление на прикассовой зоне. Это естественно, так как именно там происходит завершение покупок.
- 🔴 Левый угол магазины рядом с витринами, где находятся выпечка, холодильные товары. Эта область также привлекает больше внимания покупателей.

#### **Жёлтые зоны (умеренное замедление)**
- 🟡 Пространство вокруг апартамента выпечки. Это место умеренного потока, где люди задерживаются больше времени, выбирая продукты.

#### **Зелёно-синие зоны (свободное движение)**
- 🔵 Правый край магазина, где расположены основной стеллаж с продуктами и хозтовары. Здесь очевидно меньше потоков, людей задерживается меньше.

---

### Рекомендации по планировке
1. **Улучшение мобильности в высоких точках:**
   Прикассовая зона требует оптимизации: можно раздвинуть пространство для касс, чтобы не возникало "заторов".

2. **Привлечение внимания к зонам с низким потоком:**
   Правый край магазина "недозагружен". Возможно переместить высокоходовые товары (например, популярные снеки или напитки) в эту область для её привлечения.

3. **Продвижение выпечки:**
   Увеличение визуального привлекательности горячих зон, например, добавлением подсветки продуктам. Это стимулирует покупку популярных областях.

4. **Разграничение пути тактов:**
   Убедитесь в оптимальности выстраивания коридоров, чтобы избегать тесности со стороны покупателей

2026-03-27 00:12:25
[AI финальный] target=person
### Основное изображение
Главное изображение представляет собой внутреннее пространство небольшого магазина. Видны витрины, стеллажи с продуктами, хлебобулочные изделия, зона кассы, холодильники с напитками слева и разнообразные товары на стеллажах. Также присутствует сотрудник, находящийся в правой части магазина.

### Тепловая карта
На тепловой карте человеческого потока выделяются зоны с разной плотностью движения людей.

#### 🔴 Красные/оранжевые зоны
На тепловом изображении видно, что самая высокая плотность активности наблюдается возле зон с товарами в правой части магазина (стеллажи с мелкими товарами). Это может свидетельствовать о том, что данная зона пользуется высоким интересом у посетителей, вероятно из-за доступности популярных продуктов или мелких товаров для выбора.

Также немного активности видим рядом с холодильником для напитков, у левой стены магазина.

#### 🟡 Жёлтые зоны
Жёлтый цвет присутствует в центральной части магазина, ближе к кассе. Это зона с умеренной активностью, где покупатели переходят от выбора товаров к их оплате.

#### 🔵/зелёные зоны
Зелёным и синим цветом обозначается свободное пространство, которое идентифицируется, например, в проходах между стеллажами и кассой, а также на прилегающих к витринам пространствах. Эти зоны, судя по карте, имеют низкую плотность движения.

---

### Рекомендации по планировке

1. **Оптимизация пространства с горячими зонами (красные/оранжевые):**
   - Перераспределите популярные товары с правых стеллажей, добавив аналогичные продукты в менее загруженные участки магазина. Это позволит равномерно распределить поток покупателей.
   - Убедитесь, что в этой зоне хватает места для комфортного выбора и прохода.

2. **Увеличение активности в жёлтых областях:**
   - Вокруг кассы можно добавить небольшие стеллажи с мелкими импульсными покупками (жевательная резинка, шоколадки и т.д.), чтобы увеличить вовлечённость клиентов до момента оплаты.

3. **Использование свободных прохожих зон (синие/зелёные):**
   - Если

2026-03-27 00:12:30
[AI финальный] target=person
### Анализ представленных изображений:

#### Основное фото
На основном изображении запечатлён интерьер небольшого магазина самообслуживания. Видно, что это продуктовый магазин, оборудованный прилавками с хлебобулочными изделиями, холодильными секциями и стеллажами с товарами. На фото присутствуют торговые коридоры, что позволяет оценить движение покупателей. Одного человека (предположительно, сотрудника или покупателя) можно увидеть в правой части изображения.

#### Тепловая карта
На тепловой карте показаны зоны концентрации потоков покупателей или сотрудников по цветовой шкале:

1. **Красные/оранжевые зоны (высокая плотность):**
   - Самая активная зона расположена в правой части магазина, перед полками с товарами. Судя по цвету, покупатели чаще всего задерживаются именно здесь, что может указывать на привлекательность ассортимента, высокий спрос на продукты, стоящие на полках, или необходимость детального выбора.

2. **Жёлтые зоны (средняя активность):**
   - Небольшая жёлтая зона наблюдается у заднего холодильника с товарами. Покупатели немного задерживаются здесь, вероятно, выбирая продукты для покупки, но концентрация ниже, чем в правой горячей точке.

3. **Зелёные/синие зоны (свободное движение):**
   - В центре магазина (между хлебобулочной витриной и стеллажами) и у кассы зона практически пустая. Это может говорить о том, что движение здесь происходит быстро — например, покупатели просто проходят мимо, не задерживаясь.

---

### Рекомендации по улучшению планировки:

1. **Оптимизация "горячей зоны":**
   - Правая часть магазина удостоена максимального внимания, поэтому полки здесь стоит использовать под максимально популярные категории товаров. Регулярно обновляйте их ассортимент и размещайте акционные предложения.
   - Проверьте удобство прохода в этой зоне — не возникают ли заторы или трудности для покупателей.

2. **Размещение импульсных товаров:**
   - Там, где сосредоточены жёлтые и красные зоны, разместите товары для импульсных покупок (сладости, мелкие предметы, сезонные предложения).

3. **Актив

2026-03-27 00:12:56
[AI финальный] target=person
### Анализ изображения

#### Описание основного изображения:
На изображении представлен небольшой магазин, вероятно, продуктовый, с витринами, стеллажами и кассовой зоной. Магазин организован так, чтобы покупатели могли перемещаться между рядами и выбирать товары из витрин и на стеллажах. Видны хлебобулочные изделия, холодильные камеры, полки с напитками и другим товаром. На правой стороне изображена отдельная узкая зона или коридор, ведущая к следующему помещению.

#### Анализ тепловой карты:

1. **Красные/оранжевые зоны (высокая плотность движения):**
   - На тепловой карте видно явное скопление красного и оранжевого цветов в правой узкой зоне магазина, где находится человек. Это указывает на высокую плотность движения или стояния покупателей (задержка или скопление). Судя по снимку, это может быть связано с попыткой выбрать товар или наличием узкого пространства.

2. **Жёлтые зоны (умеренное замедление):**
   - Жёлтый цвет появляется в центре справа, рядом с витринами или стеллажами, что указывает на умеренное движение в этой области (возможно, здесь посетители выбирают товары с полок).
   - Зона перед кассой также слегка показывает жёлтый цвет, что может указывать на кратковременные задержки перед расчётом.

3. **Зелёные/синие зоны (свободное движение):**
   - Синие и зелёные зоны занимают остальную часть магазина. Они располагаются на проходах и между полками, свидетельствуя о свободном движении покупателей в этих местах.

---

### Рекомендации:

1. **Оптимизация узкой зоны справа:**
   - Учитывая высокую плотность в узкой зоне (красная область), рекомендуется либо расширить проход, либо переместить часть товаров дальше или в более просторную часть магазина.
   - Если это зона длительного выбора (например, популярные товары), разместить дополнительные вывески или сортировать товары по категориям для упрощения поиска.

2. **Распределение стеллажей и проходов:**
   - Стремиться к более широкой организации проходов между витринами. Это уменьшит замедление

2026-03-27 00:12:56
[AI финальный] target=person
**Анализ изображения**

1. **Описание главного изображения:**  
На основном изображении показан небольшой продуктовый магазин. На переднем плане видны касса, хлебный отдел, и стеллажи с разнообразными продуктами (сладости, напитки и другие товары). В левом дальнем углу находятся холодильники, вероятно, для напитков или мороженого. Справа отображены двери или проход в другую комнату зоны магазина.

2. **Описание тепловой карты:**  
Тепловая карта показывает распределение человеческого потока в магазине на момент времени, отображённый на экране. Цвета интерпретируются как зоны разной интенсивности движения:

   - **Красные зоны:**  
     На тепловой карте наиболее активная зона распространения человеческого потока — это область возле стеллажей в правой части магазина (область дверного проёма/прохода). Красно-оранжевые участки свидетельствуют о высокой плотности или частом движении. Вероятно, это зона входа/выхода или область популярного товара.

   - **Жёлтые зоны:**  
     Жёлтыми обозначена область холодильника слева и часть пространства перед кассой. В этих местах замедление незначительное — зона не является узким местом, но часто используется.

   - **Синие и зелёные зоны:**  
     Синий и голубой цвет виден на территории хлебного отдела и в центральной части магазина. Эти области характеризуются свободным движением, плотность людей здесь минимальна.

---

**Рекомендации по улучшению планировки**  
1. **Устранение высокого давления возле дверей:**  
   Если узкий проход или высокая концентрация товара возле двери создаёт эффект «тесноты», стоит либо расширить эту зону либо перенести товары, которые привлекают поток, к более доступным участкам магазина.

2. **Улучшение зоны кассы:**  
   Зона кассы — одна из важных точек взаимодействия с клиентом. Расположите популярные товары (например, мелочь, конфеты, батарейки) ближе к кассе, чтобы повысить видимость и удобство для покупателей.

3. **Повысить привлекательность менее активных зон:**  
   Линия хлебного отдела — самая спокойная. Рассмотрите возможность добавления яркой подсветки

2026-03-27 00:13:07
[AI финальный] target=person
### Анализ изображения и тепловой карты:

#### 1. Основное изображение
На изображении представлено помещение магазина небольшого формата: продуктовые товары расположены на витринах и полках. Видны зоны хлебобулочных изделий, холодильные витрины, стеллажи с товарами и кассовый аппарат. Камера направлена на основной рабочий зал магазина.

#### 2. Анализ тепловой карты
Тепловая карта показывает плотность движения людей в магазине. **Дата и время записи:** 11-07-2016 11:44:13.

##### - **Красные/оранжевые зоны**:
   - Основная горячая зона находится в правом нижнем углу рядом с полками. Это место, где фиксируется высокая плотность человеческого потока (скорее всего, покупатель активно взаимодействует с товарами на этой полке или проходит медленно из-за узкого пространства).
   - Небольшое скопление движений также можно предположить около кассового аппарата (визуально подтверждается открытая зона для покупок).

##### - **Жёлтые зоны**:
   - Умеренное движение наблюдается вокруг средней зоны магазина в районе хлебобулочных изделий. Здесь люди вероятно останавливаются для выбора продукции, однако плотность меньше, чем у горячих точек.

##### - **Синие/зелёные зоны**:
   - Область холодильных витрин слева и центральная часть магазина ограничены минимальным движением. Синяя цветовая область показывает свободное перемещение без существенного замедления. 

---

#### 3. Рекомендации по планировке:
1. **Перестановка зон высокой плотности**:
   - Если правая нижняя зона вызывает затруднение или замедление движения, следует оценить ширину прохода между полками. Возможно, стоит немного увеличить расстояние между рядами, чтобы минимизировать плотность.

2. **Реорганизация стеллажей и зон умеренного потока**:
   - У хлебобулочной зоны полезно добавить дополнительный свободный доступ, либо перенести популярные товары поближе к более просторным участкам (например, ближе к холодильным витринам).

3. **Стимуляция маршрута покупателей**:
   - Зоны, где наблюдается минимальная активность, можно использовать для расположения популярных товаров,

2026-03-27 00:13:07
[AI финальный] target=person
### Анализ изображения:

1. **Главное изображение:**
   На главной фотографии изображён интерьер небольшого магазина. В магазине есть витрины с едой (включая хлеб), стеллажи с напитками, закусками, и другим товаром. Видна зона кассы, холодильники, а также вход с дверью.

2. **Тепловая карта:**
   Тепловая карта иллюстрирует плотность человеческого потока в пространстве магазина. Цвета указывают на интенсивность активности в различных участках пространства.

---

### Детальный анализ:

#### 🔴 **Горячие зоны (красные/оранжевые):**
На тепловой карте видно, что наиболее насыщенная активность сосредоточена около правой нижней зоны (возле ряда стеллажей с продуктами). Судя по расположению и красному цвету, здесь покупатели проводят больше времени, возможно, выбирая товары, которые требуют более тщательного рассмотрения.

#### 🟡 **Жёлтые зоны (умеренные):**
Жёлтые области также присутствуют ближе к центральной части магазина, что может указывать на зону, где покупатели останавливаются, чтобы рассмотреть витрины с хлебом или закусками. В этих местах движение менее плотное, но активности всё же достаточно.

#### 🔵/🟢 **Свободный поток (синие/зелёные):**
На карте видно зелёно-синий цвет у кассы и холодильников (слева), а также при входе в магазин. Это указывает на то, что в этих местах покупатели движутся быстрее, здесь нет большого скопления людей.

---

### Рекомендации:

1. **Оптимизация горячей зоны (стеллажи справа):**
   - Стеллажи с товарами, которые привлекают долгие задержки покупателей, расположены в области самого насыщенного потока. Чтобы разгрузить эту зону, можно пересмотреть размещение или сделать её более доступной.
   - Увеличьте пространство между стеллажами, чтобы покупатели могли свободно передвигаться.

2. **Области возле кассы/холодильников:**
   - Так как здесь движение свободное, эти зоны остаются функциональными для быстрого доступа ребёк. Это следует оставить без изменений.

3. **Центральная часть с хлеб

2026-03-27 00:13:17
[AI финальный] target=person
### Анализ представленных изображений

1. **Описание первого изображения:**
   На изображении представлено пространство магазина — вероятно, небольшой продуктовый магазин или мини-маркет. Отчетливо видны витрины с хлебобулочными изделиями, холодильные камеры, стеллажи с напитками и другой предлагаемой продукцией. Расположение следующее:
   - Слева — касса, зона входа с несколькими холодильными витринами.
   - Центр — витрина с булочками на переднем плане.
   - Справа — стеллажи с продуктами вдоль стены.
   - Проходы между зонами ориентированы так, чтобы посетители могли перемещаться вдоль товарных полок.

2. **Описание тепловой карты (второе изображение):**  
   На тепловой карте выделено движение или нахождение людей в магазине.
   - **Красные/оранжевые зоны:**   
     Наиболее плотное скопление и высокая активность наблюдаются в зоне справа, в районе полок с товарами на средней высоте. Вероятно, это популярная зона для покупателей, где размещена ходовая продукция.
   - **Жёлтые зоны:**   
     Умеренная загруженность наблюдается в левом центральном углу (зона кассы или витрин). Там, возможно, происходит кратковременное ускорение или замедление, связанное с выбором и оплатой покупок.
   - **Зелёно-синие зоны:**   
     Зоны с минимальным движением находятся слева (у входной части) и у витрин. В этих областях движение посетителей незначительное.

3. **Рекомендации по улучшению планировки:**   
   - **Оптимизация горячих зон:**  
     В области, помеченной красным (наиболее посещаемой), убедитесь, что ширина проходов достаточна для нескольких человек. Убедитесь также, что товары на этой полке соответствуют спросу (специальные предложения, ходовые категории товаров).
   - **Работа с жёлтыми зонами:**  
     Если это зона кассы, стоит проверить, может ли работа касс быстрее разгружать её. Если зона холодильников — разместите продукты с повышенным спросом на уровне глаз.
   - **Активизация зелёно-синих зон:**  
     Если

