2026-03-26 22:40:49
[AI финальный] target=person
## 1. Анализ основного изображения
На основном изображении видно пространство многоуровневого торгового центра (магазина). На фото размещены эскалаторы, соединяющие два уровня, а также открытые торговые зоны и места для отдыха. Присутствует большое количество людей, как на эскалаторах, так и на этажах, что говорит о высокой активности данного места.

---

## 2. Анализ тепловой карты движения людей
### Красные/оранжевые зоны (высокая плотность):
На тепловой карте красными и оранжевыми цветами отмечены зоны возле нижней части эскалаторов, где люди ожидают или начинают движение. Также скопления отмечены в ближайших к эскалаторам местах первого этажа, рядом с зонами отдыха и витринами магазинов. Это указывает на затруднение движения в этих точках из-за большой концентрации людей.

### Жёлтые зоны (умеренное замедление):
Жёлтые зоны представлены в середине эскалаторов, где многие люди замедляют или изменяют темп движения, а также возле входов в крупные торговые зоны. Это характерно для мест с умеренным уровнем активности.

### Зелёно-синие зоны (свободное движение):
Зелёные и синие области расположены на открытых пространствах центральной части первого этажа. В этих местах движение людей остаётся свободным и не вызывает значительных задержек.

---

## 3. Рекомендации по планировке
1. **Перегруз возле эскалаторов:**  
   - Установить дополнительные указатели для распределения потока людей между несколькими эскалаторами.  
   - Организовать пространство возле эскалаторов так, чтобы разгрузить нижние площадки (например, добавить стойки информации или специальные зоны ожидания).

2. **Витрины и места отдыха:**  
   - Переместить мелкие витрины или дополнительные стойки на периферию центрального пространства, чтобы снизить скопление в горячих точках.  
   - Рассмотреть возможность расширения зон отдыха в менее перегруженных зонах, чтобы перераспределить потоки.

3. **Свободные пространства:**  
   - Использовать зелёно-синие зоны для временных мероприятий (например, выставок или активных

