2026-03-26 22:45:52
[AI финальный] target=vehicles
### **Анализ изображения 1**
На первом изображении представлена оживлённая транспортная развязка, где виден равномерный поток движения автомобилей по различным направлениям.

1) **Пробки и загрузка полос**:
- **Левая часть кадра (ближе к камере)**: движение на дороге плотное здесь, особенно на левой полосе для автомобилей. Наблюдается замедление движения, что выражено красными/оранжевыми оттенками.
- **Правая часть кадра (у горизонта)**: движение также плотное, но не так критично. Небольшие скопления видны на средней и правой полосах.

2) **Свободные полосы**:
- **Центральная часть кадра**: полосы для левоповоротного движения выглядят наиболее свободными. Зелёные оттенки указывают на хорошую пропускную способность.

3) **Рекомендации**:
- Перестроить светофорный режим для увеличения зелёного света в наиболее загруженные направления (особенно слева).
- Уточнить, нет ли препятствий или других факторов с ограничением движения ближе к камере.

---

### **Анализ изображения 2 (тепловая карта)**

Это изображение включает тепловую карту движения, которая визуализирует плотность транспортного потока с дополнительными цветами для анализа.

1) **Пробки и загрузка полос**:
- **Левая часть кадра (ближе к камере)**: наблюдается высокая плотность автомобилей на средней и правой полосах, выделенных красным/оранжевым оттенком. Это явная зона пробки.
- **Правая часть кадра (у горизонта)**: движение менее плотное, отмечены зоны замедления на средних полосах (жёлтый цвет).

2) **Свободные полосы**:
- **Левая часть кадра**: левая выделенная поворотная полоса выглядит свободной.
- **Центральная часть кадра**: зоны в центре открыты для движения (отмечены синем/зелёным цветом).

3) **Рекомендации**:
- Использовать динамическое управление движением, развернув дополнительные табло с указателями для скорейшего слияния потоков и минимизации нагрузки

2026-03-26 22:46:04
[AI финальный] target=vehicles
### Анализ тепловой карты транспортного потока по представленным изображениям

#### **1. Где пробки и по каким полосам (для обоих направлений):**
- **Первый кадр:**  
  На тепловой карте пробка обозначена красным и оранжевым цветами:
  - **Левый нижний угол**: очевидно плотное скопление автомобилей на полосе **слева ближе к камере** (дорога направляется вправо).
  - На других участках дороги движение преимущественно свободное, заметных пробок нет.

- **Второй кадр:**  
  Пробка наблюдается на:
  - **Левый нижний угол**: снова на **левой полосе** более высокой плотности движения, ближе к камере.
  - Частичное замедление в центральной зоне перекрёстка (жёлтые оттенки) в **середине кадра**.

#### **2. Где есть свободные полосы:**
- **Первый кадр:**  
  - **Правая часть кадра**: почти все направления движения свободны, включая **средние и правые полосы**.
- **Второй кадр:**  
  - Заметное движение без задержек на **правой части кадра**, особенно на направленных в сторону горизонта полосах справа.

#### **3. Рекомендации, что можно предпринять:**
1. **Анализ левой нижней области**:
    - Увеличить пропускную способность для автомобилей, следующим в направлении **вправо с нижней зоны**, например, путём изменения продолжительности зелёного сигнала на светофоре.
    - Перенаправить движение на менее загруженные **средние и правые полосы**, если это возможно.

2. **Обеспечение плавности на перекрёстке**:  
    - Центр перекрёстка имеет частичное замедление (жёлтая зона). Рекомендуется увеличить количество направляющих дорожных знаков или разметки, чтобы расчистить скопление автомобилей в центральной части.

3. **Отслеживание плотности транспорта**:  
    - Ввести временное ограничение на въезд для определённых типов транспорта в пиковые часы, чтобы разгрузить заторы.

#### Заключение:
В целом

2026-03-26 22:46:28
[AI финальный] target=vehicles
### Анализ транспортного потока по тепловой карте

На представленных изображениях наблюдается перекрёсток со сложной инфраструктурой. Тепловая карта демонстрирует разные уровни плотности движения, что позволяет провести следующий анализ.

---

#### **1. Где пробки и по каким полосам (для обоих направлений):**

- **Левый нижний угол (ближе к камере):**
  - **Левая полоса:** Возле перекрёстка наблюдается яркий красный участок, свидетельствующий о высокой плотности движения. Автомобили замедлены, возможно, из-за светофора или перехода.
  - **Средняя и правая полосы:** Здесь плотность умеренная (жёлтые участки), движение замедлено, но поток распределён равномерно.

- **Средняя часть дороги (переход через перекрёсток):**
  - Автомобили у светофора двигаются небольшими рывками — плотность умеренная (жёлтая зона), вероятно, из-за ожидания разрешающего сигнала светофора.

- **Правая часть кадра (ближе к горизонту):**
  - Правая полоса выглядит более свободной (синяя зона). Левая и средняя полосы слегка замедлены, но не достигают состояния пробки.

---

#### **2. Где есть свободные полосы:**

- **Левое направление (в сторону ближнего нижнего угла кадра):**
  - Правая полоса имеет свободное движение (синяя зона).

- **Средняя часть изображения:** 
  - На перекрёстке свободное движение наблюдается в центральной дуге (зелёный участок).

- **Верхний правый угол (правое направление):**
  - Правая полоса движется свободно.

---

#### **3. Рекомендации, что можно предпринять:**

1. **Оптимизация работы светофоров:**
   - Перепрограммировать светофоры для увеличения длительности зелёного сигнала в сторону с высокой плотностью (левая нижняя часть кадра).

2. **Маркировка движения для распределения:**
   - Добавить указатели для равномерного использования полос, чтобы перераспределить транспортный поток с загруженной средней и левой

