2026-03-26 22:24:39
[AI финальный] target=person
### Анализ изображения с тепловой картой потока людей

#### Описание главного изображения
На основном изображении показан магазин. Это типичная зона розничной торговли с прилавками, стеллажами, холодильниками для напитков и продуктов, а также кассовой зоной. На переднем плане размещены различные товары и кассовая зона, по обе стороны находятся холодильные витрины и дополнительные стеллажи со snack-продукцией.

#### Анализ тепловой карты
Тепловая карта иллюстрирует плотность и движение потока людей в магазине.

1. 🔴 **Красные зоны (высокая плотность):**
   - Область непосредственно перед кассой (прилавок). Это зона ожидаемо высокой активности, так как здесь покупатели проводят больше времени, оплачивая товары.
   - Холодильные витрины с напитками и продуктами в правой части помещения также показаны как область с высокой плотностью.

2. 🟡 **Жёлтые зоны (умеренная плотность):**
   - Дорожка, ведущая к кассе, показана как зона умеренного замедления. Люди останавливаются на пути к кассовому прилавку для выбора товаров.

3. 🔵🟢 **Синие и зелёные зоны (минимальная плотность):**
   - Левый угол магазина, где на стеллажах размещены товары (видимо, менее популярные), представляет собой малопосещаемую часть пространства.
   - Задняя часть помещения (у выхода) также имеет минимальное движение.

#### Рекомендации по планировке:
1. **Оптимизация кассовой зоны:**
   - Постарайтесь сделать кассовую зону более просторной, чтобы снизить плотность в этой области. Например, расширение пространства вокруг кассы поможет организовать поток людей более эффективно.

2. **Стратегическое расположение популярных товаров:**
   - Товары с высоким спросом лучше переместить в менее активные зоны, такие как левый угол магазина. Это перераспределит поток и сделает пространство более равномерно загруженным.

3. **Облегчение движения:**
   - Обеспечьте свободный доступ к холодильным витринам, разместив их немного дальше от кассы. Это снизит перегруженность в районе правой части магазина.

4. **

2026-03-26 23:12:37
[AI финальный] target=person
[AI] Не задан COMET_API_KEY. Установите переменную окружения COMET_API_KEY для обращения к CometAPI.

