2026-03-26 22:43:26
[AI финальный] target=vehicles
### Анализ по двум изображениям

#### 1. **Тепловая карта транспортного потока**  
- **Общее расположение перекрёстка**:  
На изображениях видно крупное пересечение дорог, состоящее из нескольких полос в обоих направлениях движения. Разделение есть на главных магистральных направлениях и боковых съездах.

---

#### **Анализ движения транспорта по направлению (по ориентирам):**

---

### **Пробки**  
- **Средняя часть кадра, ближе к камере, справа**:  
   - **Направление:** движение справа.  
   - **Полосы:** пробка на всех правых полосах магистрали (дорога направо от перекрёстка), видимое скопление машин с высокой плотностью. Красный и оранжевый оттенки тепловой карты указывают на сильное замедление транспорта.  
   - **Полоса автобусов:** также замечено скопление общественного транспорта, что дополнительно усложняет движение для пассажиров.  

---

### **Умеренное замедление**  
- **Средняя часть кадра, ближе к горизонту, слева:**  
   - **Направление:** движение слева.  
   - **Полосы:** умеренное замедление на левых полосах магистрали: движение по левой части кадра средней интенсивности (жёлтый оттенок).  

---

### **Свободные полосы**  
- **Центральное пересечение**:  
   - **Направление:** движение через центральную часть кадра.  
   - **Полосы:** пересечение проходится свободной частью магистрали — на изображении преобладают синие/зелёные оттенки тепловой карты.  
   - Это указывает на отсутствие проблем на пересечении для машин, движущихся в центральной части.

- **Ближе к камере, магистраль слева**:  
   - **Направление:** движение от перекрёстка налево.  
   - **Полосы:** левая часть дороги относительно кадра имеет свободный поток транспорта.   

---

### Рекомендации
1. **Оптимизация светофорного регулирования**:
   - Увеличить время зелёного света для полос с высокой загрузкой (справа). Это

