2026-03-26 22:31:37
[AI финальный] target=person
### Основное изображение
На первом изображении показан магазин одежды, вероятно, отдел с распродажей или торговая точка с компактной продуктивной планировкой. В центре пространства расположены ряды с одеждой на вешалках, также видны столы с товарами. Вокруг ходят покупатели. Перспектива сверху позволяет хорошо рассмотреть структуру магазина и плотность потоков.

---

### Тепловая карта анализа потока
На втором изображении наложена тепловая карта, которая показывает нагрузку человеческого потока в магазине. Читаем карту по указанным цветам:

#### 🔴 Красные и оранжевые зоны (высокая плотность)
- Красное пятно сосредоточено в зоне кассы (в правой верхней части). Это обоснованная концентрация, поскольку покупатели стоят здесь в ожидании своей очереди.
- Оранжевые зоны также наблюдаются чуть рядом, у витрины и у одного из центральных рядов с одеждой. Это может говорить об интересе к товару или о небольшой загруженности пространства.

#### 🟡 Жёлтые зоны (умеренное замедление)
- Умеренное скопление людей наблюдается в центральной части ряда с одеждой. Здесь потоки сужаются, но не останавливаются. Такие зоны могут быть связаны с популярными товарами или пространствами, где покупателям становится тесно.

#### 🔵 Зелёные и синие зоны (свободное движение)
- По краям магазина (нижняя часть изображения) движение достаточно свободное. Видно, что там меньше покупателей, а переходы широкие.
- Также зона у входа (в левой верхней части) не переполнена.

---

### Рекомендации по планировке/расположению зон
1. **Перераспределение потока в кассовой зоне:**
   - Положите часть товаров первой необходимости (например, аксессуары или мелкие предметы) ближе к зоне ожидания кассы, чтобы покупатели не скучали и могли продолжить осматривать товары.
   - Обеспечьте лучшее разграничение пространства перед кассой, например, с помощью барьеров или указателей.

2. **Оптимизация центральных рядов:**
   - Добавьте больше просветов в центральной части

2026-03-26 22:32:28
[AI финальный] target=person
### Анализ главного изображения

На основном изображении показан магазин, вероятно, торговая площадка или зона розничной торговли. На нем четко видна структура торговых зон с несколькими стойками или вешалками, на которых размещена одежда. Между секциями есть проходы, позволяющие перемещаться покупателям. Основной акцент сделан на расположение товаров по секциям, разделенных проходами.

---

### Анализ тепловой карты

Тепловая карта иллюстрирует плотность человеческого потока в пространстве магазина, с использованием цветов для оценки активности покупателей.

#### 🔴 Красные/оранжевые зоны (высокая плотность движения)
Красные области расположены в зоне кассы (правый верхний угол изображения). Это свидетельствует о том, что покупатели чаще задерживаются в этом месте, например, для оплаты, консультаций или получения товара. Также небольшая плотность в центре, где расположены товары, активируется за счет этого пространства.

#### 🟡 Желтые зоны (умеренная плотность движения)
Желтые зоны находятся ближе к популярным секциям, где люди рассматривают одежду (центральные стойки с одеждой). Это помещается неравномерно, что вероятно вызвано удобными проходами или интересом к определенным категориям продукции.

#### 🔵 Зелёные и синие зоны (свободное движение)
Зеленые и синие области находятся на периферии магазина, например, возле левых и нижних проходов. Проходы в этих местах кажутся свободными от скоплений людей. Это может быть связано с тем, что в данных зонах либо нет популярного товара, либо люди быстро проходят через них.

---

### Рекомендации по планировке

1. **Улучшение кассовой зоны (правый верхний угол)**:
   - Увеличьте пространство возле кассы, минимизировав вероятность возникновения очередей и скоплений.
   - Разместите дополнительные стойки для быстрой оплаты или организуйте электронные терминалы самообслуживания.

2. **Оптимизация центральных стоек**:
   - Перераспределите центральные зоны, чтобы сохранить удобные подходы к популярным секциям.
   - Уведомления или ориентиры помогут людям быстрее находить интересные зоны.

3. **Задействование перифер

2026-03-26 22:32:54
[AI финальный] target=person
### Анализ изображения и тепловой карты

#### Основное изображение
На этом изображении показан интерьер торговой зоны, предположительно магазина одежды. В центре выделяются ряды стоек и стеллажей с одеждой, расположенные симметрично и с чёткими проходами между ними. Есть также столы для аксессуаров или складывания одежды. Вид сверху даёт общий обзор на клиентские маршруты и движение людей.

---

#### Тепловая карта
- 🔴 **Красные/оранжевые горячие зоны**:
  - Основная высокая плотность сосредоточена около правой верхней части пространства, где расположен товарный стол или зона кассы. Это логично, поскольку такие точки обычно притягивают наибольшее внимание покупателей — место выбора аксессуаров или оплаты чаще всего становится узким местом.
  
- 🟡 **Жёлтые зоны**:
  - Умеренное замедление движения наблюдается вокруг центральных стоек с одеждой. Это основной маршрут покупателей, исследующих ассортимент. Плотность не критическая, но покупатели проводят здесь больше времени, что может заметно ограничивать поток.

- 🟢🔵 **Зелёно-синие свободные зоны**:
  - Свободное движение наблюдается в проходах между стойками. Там перемещение людей беспрепятственно и без значительных скоплений. Просторные проходы обеспечивают хорошую навигацию.

---

### Рекомендации по планировке
1. **Оптимизация кассовой зоны**:
   - Горячая зона в правом верхнем углу может вызывать заторы. Рассмотрите возможность увеличения пространства вокруг касс и переноса аксесcуаров на более удалённый стол для снижения плотности.

2. **Компактное расположение стоек**:
   - Жёлтые зоны в центральной части указывают на интерес покупателей к этим позициям, но длинные ряды стоек могут ограничивать обзор и движение. Уменьшение длины стоек и добавление ширины проходов может улучшить поток.

3. **Эффективное использование проходов**:
   - Свободные пространства можно использовать для дополнительных промо-акций или временных экспозиций, не блокируя проходы, сохраняя удобное движение.

4. **Улучшение навигации**:
   -

2026-03-27 00:11:41
[AI финальный] target=person
На первом изображении показан магазин, главным образом секция с одеждой. В центре расположены стойки с вешалками, на которых развешана одежда, а в правом верхнем углу находится зона кассы. Полки с товаром находятся симметрично друг другу, разделены проходами.

На втором изображении тепловая карта отображает плотность человеческого потока, где:

- **Красные/оранжевые зоны:**  
  Интенсивная концентрация людей наблюдается в центре магазина, конкретно у стойки с синей одеждой. Это может быть связано с популярностью определённых вещей или особенностями расположения зоны.

- **Жёлтые зоны:**  
  Вокруг красной зоны есть умеренный поток, особенно вдоль проходов между стойками по центру. Эти участки выступают как пространство для взаимодействия между покупателями, которые обходят или останавливаются около одежды.

- **Синие/зелёные зоны:**  
  Голубой и зелёный цвета помещены в периферийных частях магазина, где наблюдается низкое скопление людей. Это касается углов зала, пространства рядом с кассой и областей с полками, удалёнными от центра.

### Рекомендации по планировке:
1. **Оптимизация центральной зоны:**  
   Поскольку область с красной зоной является наиболее посещаемой, стоит убедиться, что она легко доступна и имеет достаточно широкий проход для свободного передвижения.

2. **Перемещение интересных товаров:**  
   Чтобы сбалансировать поток посетителей, популярные или акционные товары можно распределить ближе к менее загруженным зонам (например, в углы или периферийные участки магазина).

3. **Поддержание открытых проходов:**  
   Проходы между стойками, отмеченные жёлтым, загружены. Удобно предоставить более широкое пространство в этих местах, чтобы избежать затруднений для покупателей.

4. **Переоснащение кассовой зоны:**  
   Если покупательская активность у кассы остаётся низкой, можно пересмотреть её расположение, чтобы привлечь больше людей к соседним товарам.

2026-03-27 00:11:49
[AI финальный] target=person
### Анализ главного изображения

На изображении представлено помещение, которое представляет собой магазин, вероятно, одежды. Вид сверху позволяет рассмотреть расположение стойк для одежды, столы с товарами и кассовую зону. Конструкция помещения открытая, делится на ряды, где посетители могут выбирать продукцию. В кадре также видны люди, которые передвигаются между стендами или выбирают товар.

---

### Тепловая карта движения людей

На втором изображении наложена тепловая карта, которая показывает плотность и замедление человеческого потока в пространстве магазина.

#### 🔴 Красные/оранжевые зоны
- Наиболее плотное скопление людей наблюдается рядом с кассовой зоной (справа в верхнем углу изображения). Это оживлённая и стратегически важная область, поскольку здесь происходит расчёт, и покупатели обязательно проходят через неё.
- Слабая концентрация красного цвета наблюдается около стоек, находящихся вверх справа, особенно с товарами, которые, возможно, пользуются большим спросом или расположены в проходе.

#### 🟡 Жёлтые зоны
- Жёлтые зоны расположены в середине помещения, вероятно, в местах более активного осмотра товаров. Люди задерживаются у стендов, изучая ассортимент.   
- Умеренная концентрация также отмечается вокруг столов с товарами.

#### 🟢/🔵 Зелёно-синие зоны
- Эти зоны характеризуются свободным движением. Они расположены на периферии и между рядами стойк для одежды. Здесь относительно низкая плотность людей, позволяющая проходить беспрепятственно.  

---

### Рекомендации по планировке и расположению зон

1. **Оптимизация кассовой зоны**  
   Учитывая максимальную плотность в зоне кассы, можно установить дополнительные кассовые аппараты или организовать более удобные очереди. Это поможет уменьшить скопление людей и ускорить обслуживание.

2. **Распределение популярных позиций**  
   Товары, привлекающие больше потоков, можно разместить вдоль периферийных проходов и ближе к входу, чтобы уменьшить скопление в центре.

3. **Более широкие проходы**  
   В местах жёлтых зон желательно увеличить ширину проходов между стендами

2026-03-27 00:12:13
[AI финальный] target=person
### Описание главного изображения
На изображении показано пространство, которое напоминает магазин одежды. Сверху видно несколько зон с вешалками, заполненными одеждой, стол с товарами и кассовую зону справа. Всё расположено достаточно упорядоченно, с проходами между рядами для покупателей.

---

### Анализ тепловой карты
1. **Горячие места (красные/оранжевые зоны):**
   - Основная горячая область сосредоточена в центре, где находится ряд с наиболее яркими и заметными вешалками с одеждой. Здесь фиксируется высокая плотность покупателей и их активность, что может говорить о популярности именно этого участка.
   - Второй и меньший горячий участок располагается ближе к кассе, справа. Логично предположить, что там происходит скопление покупателей для оплаты товаров.

2. **Жёлтые зоны (умеренные замедления):**
   - Жёлтые зоны просматриваются рядом с центральной частью и возле кассы. Здесь движение чуть менее плотное, но всё ещё замедлено. Возможно, люди изучают вышележащие товары или движутся в направлении выхода.

3. **Зелёно-синие зоны (свободное движение):**
   - Синяя зона хорошо выделена вокруг краёв магазина и у проходов между рядами с вешалками. Она свидетельствует о том, что движение здесь остаётся свободным, покупатели не задерживаются надолго.

---

### Рекомендации
1. **Увеличить пространство в центральной зоне:**
   - Учитывая наибольшую загруженность в центре магазина, стоит рассмотреть возможность расширения проходов или перераспределения товаров в этой области. Это уменьшит скопления и сделает передвижение покупателей более комфортным.

2. **Оптимизировать зону кассы:**
   - Сосредоточение активности возле кассы говорит о необходимости оптимизации данной зоны. Можно добавить несколько дополнительных касс или организовать места для ожидания, чтобы уменьшить загруженность.

3. **Перераспределить внимание к краям:**
   - Для привлечения покупателей к зелёно-синим зонам по краям магазина стоит разместить товары или более акцентированные элементы, например популярные позиции, скидки или привлекательные вывески.

4. **Ротация

